// Jest Snapshot v1, https://goo.gl/fbAQLP

exports[`game.vue renders correctly 1`] = `
<!--function (el) {
      var obj;

      var args = [], len = arguments.length - 1;
      while ( len-- &gt; 0 ) args[ len ] = arguments[ len + 1 ];
      if (shouldNotBeStubbed(el, stubs, modifiedComponents)) {
        return originalCreateElement.apply(void 0, [ el ].concat( args ))
      }

      if (isConstructor(el) || isComponentOptions(el)) {
        var componentOptions = isConstructor(el) ? el.options : el;
        var elName = componentOptions.name;

        var stubbedComponent = resolveComponent(elName, stubs);
        if (stubbedComponent) {
          return originalCreateElement.apply(void 0, [ stubbedComponent ].concat( args ))
        }

        if (stubAllComponents) {
          var stub = createStubFromComponent(el, elName || 'anonymous', _Vue);
          return originalCreateElement.apply(void 0, [ stub ].concat( args ))
        }
        var Constructor = shouldExtend(el) ? extend(el, _Vue) : el;

        return originalCreateElement.apply(void 0, [ Constructor ].concat( args ))
      }

      if (typeof el === 'string') {
        var original = resolveComponent(el, originalComponents);

        if (!original) {
          return originalCreateElement.apply(void 0, [ el ].concat( args ))
        }

        if (isDynamicComponent(original)) {
          return originalCreateElement.apply(void 0, [ el ].concat( args ))
        }

        var stub$1 = createStubIfNeeded(stubAllComponents, original, _Vue, el);

        if (stub$1) {
          Object.assign(vm.$options.components, ( obj = {}, obj[el] = stub$1, obj ));
          modifiedComponents.add(el);
        }
      }

      return originalCreateElement.apply(void 0, [ el ].concat( args ))
    }-->
`;
